// Jest Snapshot v1, https://goo.gl/fbAQLP

exports[`Leaderboard should render Competitors component 1`] = `
<div>
  Loading...
</div>
`;
