// Jest Snapshot v1, https://goo.gl/fbAQLP

exports[`Components VotePopup should render VotePopup component 1`] = `
<div
  className="popup"
>
  <div
    className="popup__inner"
  >
    <div
      className="popup__close"
      onClick={[Function]}
    >
      <test-file-stub />
    </div>
    <div
      className="popup__avatar"
    >
      <img
        src="test-file-stub"
      />
    </div>
    <div
      className="popup__share headline"
    >
      Share
    </div>
    <div
      className="popup__text text-grey"
    >
      Every Facebook post 
      <br />
       may make Diana closer to 
      <br />
       the wining point
    </div>
    <div
      className="popup__button"
    >
      Share on Facebook
    </div>
  </div>
</div>
`;
