// Jest Snapshot v1, https://goo.gl/fbAQLP

exports[`Components Voters should render Vote component 1`] = `
<div
  className="loading"
>
  Loading...
</div>
`;
